Archive member included to satisfy reference by file (symbol)

C:/ST/STM32CubeIDE_1.17.0/STM32CubeIDE/plugins/com.st.stm32cube.ide.mcu.externaltools.gnu-tools-for-stm32.12.3.rel1.win32_1.1.0.202410251130/tools/bin/../lib/gcc/arm-none-eabi/12.3.1/../../../../arm-none-eabi/lib/thumb/v7e-m+fp/hard\libc_nano.a(libc_a-exit.o)
                              C:/ST/STM32CubeIDE_1.17.0/STM32CubeIDE/plugins/com.st.stm32cube.ide.mcu.externaltools.gnu-tools-for-stm32.12.3.rel1.win32_1.1.0.202410251130/tools/bin/../lib/gcc/arm-none-eabi/12.3.1/../../../../arm-none-eabi/lib/thumb/v7e-m+fp/hard/crt0.o (exit)
C:/ST/STM32CubeIDE_1.17.0/STM32CubeIDE/plugins/com.st.stm32cube.ide.mcu.externaltools.gnu-tools-for-stm32.12.3.rel1.win32_1.1.0.202410251130/tools/bin/../lib/gcc/arm-none-eabi/12.3.1/../../../../arm-none-eabi/lib/thumb/v7e-m+fp/hard\libc_nano.a(libc_a-findfp.o)
                              C:/ST/STM32CubeIDE_1.17.0/STM32CubeIDE/plugins/com.st.stm32cube.ide.mcu.externaltools.gnu-tools-for-stm32.12.3.rel1.win32_1.1.0.202410251130/tools/bin/../lib/gcc/arm-none-eabi/12.3.1/../../../../arm-none-eabi/lib/thumb/v7e-m+fp/hard\libc_nano.a(libc_a-exit.o) (__stdio_exit_handler)
C:/ST/STM32CubeIDE_1.17.0/STM32CubeIDE/plugins/com.st.stm32cube.ide.mcu.externaltools.gnu-tools-for-stm32.12.3.rel1.win32_1.1.0.202410251130/tools/bin/../lib/gcc/arm-none-eabi/12.3.1/../../../../arm-none-eabi/lib/thumb/v7e-m+fp/hard\libc_nano.a(libc_a-fwalk.o)
                              C:/ST/STM32CubeIDE_1.17.0/STM32CubeIDE/plugins/com.st.stm32cube.ide.mcu.externaltools.gnu-tools-for-stm32.12.3.rel1.win32_1.1.0.202410251130/tools/bin/../lib/gcc/arm-none-eabi/12.3.1/../../../../arm-none-eabi/lib/thumb/v7e-m+fp/hard\libc_nano.a(libc_a-findfp.o) (_fwalk_sglue)
C:/ST/STM32CubeIDE_1.17.0/STM32CubeIDE/plugins/com.st.stm32cube.ide.mcu.externaltools.gnu-tools-for-stm32.12.3.rel1.win32_1.1.0.202410251130/tools/bin/../lib/gcc/arm-none-eabi/12.3.1/../../../../arm-none-eabi/lib/thumb/v7e-m+fp/hard\libc_nano.a(libc_a-stdio.o)
                              C:/ST/STM32CubeIDE_1.17.0/STM32CubeIDE/plugins/com.st.stm32cube.ide.mcu.externaltools.gnu-tools-for-stm32.12.3.rel1.win32_1.1.0.202410251130/tools/bin/../lib/gcc/arm-none-eabi/12.3.1/../../../../arm-none-eabi/lib/thumb/v7e-m+fp/hard\libc_nano.a(libc_a-findfp.o) (__sread)
C:/ST/STM32CubeIDE_1.17.0/STM32CubeIDE/plugins/com.st.stm32cube.ide.mcu.externaltools.gnu-tools-for-stm32.12.3.rel1.win32_1.1.0.202410251130/tools/bin/../lib/gcc/arm-none-eabi/12.3.1/../../../../arm-none-eabi/lib/thumb/v7e-m+fp/hard\libc_nano.a(libc_a-memset.o)
                              C:/ST/STM32CubeIDE_1.17.0/STM32CubeIDE/plugins/com.st.stm32cube.ide.mcu.externaltools.gnu-tools-for-stm32.12.3.rel1.win32_1.1.0.202410251130/tools/bin/../lib/gcc/arm-none-eabi/12.3.1/../../../../arm-none-eabi/lib/thumb/v7e-m+fp/hard/crt0.o (memset)
C:/ST/STM32CubeIDE_1.17.0/STM32CubeIDE/plugins/com.st.stm32cube.ide.mcu.externaltools.gnu-tools-for-stm32.12.3.rel1.win32_1.1.0.202410251130/tools/bin/../lib/gcc/arm-none-eabi/12.3.1/../../../../arm-none-eabi/lib/thumb/v7e-m+fp/hard\libc_nano.a(libc_a-closer.o)
                              C:/ST/STM32CubeIDE_1.17.0/STM32CubeIDE/plugins/com.st.stm32cube.ide.mcu.externaltools.gnu-tools-for-stm32.12.3.rel1.win32_1.1.0.202410251130/tools/bin/../lib/gcc/arm-none-eabi/12.3.1/../../../../arm-none-eabi/lib/thumb/v7e-m+fp/hard\libc_nano.a(libc_a-stdio.o) (_close_r)
C:/ST/STM32CubeIDE_1.17.0/STM32CubeIDE/plugins/com.st.stm32cube.ide.mcu.externaltools.gnu-tools-for-stm32.12.3.rel1.win32_1.1.0.202410251130/tools/bin/../lib/gcc/arm-none-eabi/12.3.1/../../../../arm-none-eabi/lib/thumb/v7e-m+fp/hard\libc_nano.a(libc_a-reent.o)
                              C:/ST/STM32CubeIDE_1.17.0/STM32CubeIDE/plugins/com.st.stm32cube.ide.mcu.externaltools.gnu-tools-for-stm32.12.3.rel1.win32_1.1.0.202410251130/tools/bin/../lib/gcc/arm-none-eabi/12.3.1/../../../../arm-none-eabi/lib/thumb/v7e-m+fp/hard\libc_nano.a(libc_a-closer.o) (errno)
C:/ST/STM32CubeIDE_1.17.0/STM32CubeIDE/plugins/com.st.stm32cube.ide.mcu.externaltools.gnu-tools-for-stm32.12.3.rel1.win32_1.1.0.202410251130/tools/bin/../lib/gcc/arm-none-eabi/12.3.1/../../../../arm-none-eabi/lib/thumb/v7e-m+fp/hard\libc_nano.a(libc_a-impure.o)
                              C:/ST/STM32CubeIDE_1.17.0/STM32CubeIDE/plugins/com.st.stm32cube.ide.mcu.externaltools.gnu-tools-for-stm32.12.3.rel1.win32_1.1.0.202410251130/tools/bin/../lib/gcc/arm-none-eabi/12.3.1/../../../../arm-none-eabi/lib/thumb/v7e-m+fp/hard\libc_nano.a(libc_a-reent.o) (_impure_ptr)
C:/ST/STM32CubeIDE_1.17.0/STM32CubeIDE/plugins/com.st.stm32cube.ide.mcu.externaltools.gnu-tools-for-stm32.12.3.rel1.win32_1.1.0.202410251130/tools/bin/../lib/gcc/arm-none-eabi/12.3.1/../../../../arm-none-eabi/lib/thumb/v7e-m+fp/hard\libc_nano.a(libc_a-lseekr.o)
[...]
Memory Configuration

Name             Origin             Length             Attributes
RAM              0x20000000         0x00050000         xrw
FLASH            0x08000000         0x00100000         xr
*default*        0x00000000         0xffffffff

Linker script and memory map

LOAD C:/ST/STM32CubeIDE_1.17.0/STM32CubeIDE/plugins/com.st.stm32cube.ide.mcu.externaltools.gnu-tools-for-stm32.12.3.rel1.win32_1.1.0.202410251130/tools/bin/../lib/gcc/arm-none-eabi/12.3.1/thumb/v7e-m+fp/hard/crti.o
LOAD C:/ST/STM32CubeIDE_1.17.0/STM32CubeIDE/plugins/com.st.stm32cube.ide.mcu.externaltools.gnu-tools-for-stm32.12.3.rel1.win32_1.1.0.202410251130/tools/bin/../lib/gcc/arm-none-eabi/12.3.1/thumb/v7e-m+fp/hard/crtbegin.o
LOAD C:/ST/STM32CubeIDE_1.17.0/STM32CubeIDE/plugins/com.st.stm32cube.ide.mcu.externaltools.gnu-tools-for-stm32.12.3.rel1.win32_1.1.0.202410251130/tools/bin/../lib/gcc/arm-none-eabi/12.3.1/../../../../arm-none-eabi/lib/thumb/v7e-m+fp/hard/crt0.o
LOAD ./Core/Src/eth.o
LOAD ./Core/Src/gpio.o
LOAD ./Core/Src/i2c.o
LOAD ./Core/Src/main.o
LOAD ./Core/Src/stm32f7xx_hal_msp.o
LOAD ./Core/Src/stm32f7xx_it.o
LOAD ./Core/Src/syscalls.o
LOAD ./Core/Src/sysmem.o
LOAD ./Core/Src/system_stm32f7xx.o
LOAD ./Core/Src/tim.o
LOAD ./Core/Src/usart.o
LOAD ./Core/Src/usb_otg.o
LOAD ./Core/Startup/startup_stm32f746zgtx.o
LOAD ./Drivers/STM32F7xx_HAL_Driver/Src/stm32f7xx_hal.o
LOAD ./Drivers/STM32F7xx_HAL_Driver/Src/stm32f7xx_hal_cortex.o
LOAD ./Drivers/STM32F7xx_HAL_Driver/Src/stm32f7xx_hal_dma.o
LOAD ./Drivers/STM32F7xx_HAL_Driver/Src/stm32f7xx_hal_dma_ex.o
LOAD ./Drivers/STM32F7xx_HAL_Driver/Src/stm32f7xx_hal_eth.o
LOAD ./Drivers/STM32F7xx_HAL_Driver/Src/stm32f7xx_hal_exti.o
LOAD ./Drivers/STM32F7xx_HAL_Driver/Src/stm32f7xx_hal_flash.o
LOAD ./Drivers/STM32F7xx_HAL_Driver/Src/stm32f7xx_hal_flash_ex.o
LOAD ./Drivers/STM32F7xx_HAL_Driver/Src/stm32f7xx_hal_gpio.o
LOAD ./Drivers/STM32F7xx_HAL_Driver/Src/stm32f7xx_hal_i2c.o
LOAD ./Drivers/STM32F7xx_HAL_Driver/Src/stm32f7xx_hal_i2c_ex.o
LOAD ./Drivers/STM32F7xx_HAL_Driver/Src/stm32f7xx_hal_pcd.o
LOAD ./Drivers/STM32F7xx_HAL_Driver/Src/stm32f7xx_hal_pcd_ex.o
LOAD ./Drivers/STM32F7xx_HAL_Driver/Src/stm32f7xx_hal_pwr.o
LOAD ./Drivers/STM32F7xx_HAL_Driver/Src/stm32f7xx_hal_pwr_ex.o
LOAD ./Drivers/STM32F7xx_HAL_Driver/Src/stm32f7xx_hal_rcc.o
LOAD ./Drivers/STM32F7xx_HAL_Driver/Src/stm32f7xx_hal_rcc_ex.o
LOAD ./Drivers/STM32F7xx_HAL_Driver/Src/stm32f7xx_hal_tim.o
LOAD ./Drivers/STM32F7xx_HAL_Driver/Src/stm32f7xx_hal_tim_ex.o
LOAD ./Drivers/STM32F7xx_HAL_Driver/Src/stm32f7xx_hal_uart.o
LOAD ./Drivers/STM32F7xx_HAL_Driver/Src/stm32f7xx_hal_uart_ex.o
LOAD ./Drivers/STM32F7xx_HAL_Driver/Src/stm32f7xx_ll_usb.o
START GROUP
LOAD C:/ST/STM32CubeIDE_1.17.0/STM32CubeIDE/plugins/com.st.stm32cube.ide.mcu.externaltools.gnu-tools-for-stm32.12.3.rel1.win32_1.1.0.202410251130/tools/bin/../lib/gcc/arm-none-eabi/12.3.1/../../../../arm-none-eabi/lib/thumb/v7e-m+fp/hard\libc_nano.a
LOAD C:/ST/STM32CubeIDE_1.17.0/STM32CubeIDE/plugins/com.st.stm32cube.ide.mcu.externaltools.gnu-tools-for-stm32.12.3.rel1.win32_1.1.0.202410251130/tools/bin/../lib/gcc/arm-none-eabi/12.3.1/../../../../arm-none-eabi/lib/thumb/v7e-m+fp/hard\libm.a
END GROUP
START GROUP
LOAD C:/ST/STM32CubeIDE_1.17.0/STM32CubeIDE/plugins/com.st.stm32cube.ide.mcu.externaltools.gnu-tools-for-stm32.12.3.rel1.win32_1.1.0.202410251130/tools/bin/../lib/gcc/arm-none-eabi/12.3.1/thumb/v7e-m+fp/hard\libgcc.a
LOAD C:/ST/STM32CubeIDE_1.17.0/STM32CubeIDE/plugins/com.st.stm32cube.ide.mcu.externaltools.gnu-tools-for-stm32.12.3.rel1.win32_1.1.0.202410251130/tools/bin/../lib/gcc/arm-none-eabi/12.3.1/../../../../arm-none-eabi/lib/thumb/v7e-m+fp/hard\libc_nano.a
END GROUP
START GROUP
LOAD C:/ST/STM32CubeIDE_1.17.0/STM32CubeIDE/plugins/com.st.stm32cube.ide.mcu.externaltools.gnu-tools-for-stm32.12.3.rel1.win32_1.1.0.202410251130/tools/bin/../lib/gcc/arm-none-eabi/12.3.1/thumb/v7e-m+fp/hard\libgcc.a
LOAD C:/ST/STM32CubeIDE_1.17.0/STM32CubeIDE/plugins/com.st.stm32cube.ide.mcu.externaltools.gnu-tools-for-stm32.12.3.rel1.win32_1.1.0.202410251130/tools/bin/../lib/gcc/arm-none-eabi/12.3.1/../../../../arm-none-eabi/lib/thumb/v7e-m+fp/hard\libc_nano.a
LOAD C:/ST/STM32CubeIDE_1.17.0/STM32CubeIDE/plugins/com.st.stm32cube.ide.mcu.externaltools.gnu-tools-for-stm32.12.3.rel1.win32_1.1.0.202410251130/tools/bin/../lib/gcc/arm-none-eabi/12.3.1/../../../../arm-none-eabi/lib/thumb/v7e-m+fp/hard\libnosys.a
END GROUP
START GROUP
LOAD C:/ST/STM32CubeIDE_1.17.0/STM32CubeIDE/plugins/com.st.stm32cube.ide.mcu.externaltools.gnu-tools-for-stm32.12.3.rel1.win32_1.1.0.202410251130/tools/bin/../lib/gcc/arm-none-eabi/12.3.1/thumb/v7e-m+fp/hard\libgcc.a
LOAD C:/ST/STM32CubeIDE_1.17.0/STM32CubeIDE/plugins/com.st.stm32cube.ide.mcu.externaltools.gnu-tools-for-stm32.12.3.rel1.win32_1.1.0.202410251130/tools/bin/../lib/gcc/arm-none-eabi/12.3.1/../../../../arm-none-eabi/lib/thumb/v7e-m+fp/hard\libc_nano.a
LOAD C:/ST/STM32CubeIDE_1.17.0/STM32CubeIDE/plugins/com.st.stm32cube.ide.mcu.externaltools.gnu-tools-for-stm32.12.3.rel1.win32_1.1.0.202410251130/tools/bin/../lib/gcc/arm-none-eabi/12.3.1/../../../../arm-none-eabi/lib/thumb/v7e-m+fp/hard\libnosys.a
END GROUP
LOAD C:/ST/STM32CubeIDE_1.17.0/STM32CubeIDE/plugins/com.st.stm32cube.ide.mcu.externaltools.gnu-tools-for-stm32.12.3.rel1.win32_1.1.0.202410251130/tools/bin/../lib/gcc/arm-none-eabi/12.3.1/thumb/v7e-m+fp/hard/crtend.o
LOAD C:/ST/STM32CubeIDE_1.17.0/STM32CubeIDE/plugins/com.st.stm32cube.ide.mcu.externaltools.gnu-tools-for-stm32.12.3.rel1.win32_1.1.0.202410251130/tools/bin/../lib/gcc/arm-none-eabi/12.3.1/thumb/v7e-m+fp/hard/crtn.o
                0x20050000                        _estack = (ORIGIN (RAM) + LENGTH (RAM))
                0x00000200                        _Min_Heap_Size = 0x200
                0x00000400                        _Min_Stack_Size = 0x400

.isr_vector     0x08000000      0x1c8
                0x08000000                        . = ALIGN (0x4)
 *(.isr_vector)
 .isr_vector    0x08000000      0x1c8 ./Core/Startup/startup_stm32f746zgtx.o
                0x08000000                g_pfnVectors
                0x080001c8                        . = ALIGN (0x4)

.text           0x080001c8     0x5228
                0x080001c8                        . = ALIGN (0x4)
 *(.text)
 .text          0x080001c8       0x40 C:/ST/STM32CubeIDE_1.17.0/STM32CubeIDE/plugins/com.st.stm32cube.ide.mcu.externaltools.gnu-tools-for-stm32.12.3.rel1.win32_1.1.0.202410251130/tools/bin/../lib/gcc/arm-none-eabi/12.3.1/thumb/v7e-m+fp/hard/crtbegin.o
 .text          0x08000208       0x30 C:/ST/STM32CubeIDE_1.17.0/STM32CubeIDE/plugins/com.st.stm32cube.ide.mcu.externaltools.gnu-tools-for-stm32.12.3.rel1.win32_1.1.0.202410251130/tools/bin/../lib/gcc/arm-none-eabi/12.3.1/thumb/v7e-m+fp/hard\libgcc.a(_aeabi_uldivmod.o)
                0x08000208                __aeabi_uldivmod
 .text          0x08000238      0x2bc C:/ST/STM32CubeIDE_1.17.0/STM32CubeIDE/plugins/com.st.stm32cube.ide.mcu.externaltools.gnu-tools-for-stm32.12.3.rel1.win32_1.1.0.202410251130/tools/bin/../lib/gcc/arm-none-eabi/12.3.1/thumb/v7e-m+fp/hard\libgcc.a(_udivmoddi4.o)
                0x08000238                __udivmoddi4
 .text          0x080004f4        0x4 C:/ST/STM32CubeIDE_1.17.0/STM32CubeIDE/plugins/com.st.stm32cube.ide.mcu.externaltools.gnu-tools-for-stm32.12.3.rel1.win32_1.1.0.202410251130/tools/bin/../lib/gcc/arm-none-eabi/12.3.1/thumb/v7e-m+fp/hard\libgcc.a(_dvmd_tls.o)
                0x080004f4                __aeabi_idiv0
                0x080004f4                __aeabi_ldiv0
 *(.text*)
 .text.MX_ETH_Init
                0x080004f8       0x9c ./Core/Src/eth.o
                0x080004f8                MX_ETH_Init
 .text.HAL_ETH_MspInit
                0x08000594      0x170 ./Core/Src/eth.o
                0x08000594                HAL_ETH_MspInit
 .text.MX_GPIO_Init
                0x08000704      0x15c ./Core/Src/gpio.o
                0x08000704                MX_GPIO_Init
 .text.MX_I2C1_Init
                0x08000860       0x80 ./Core/Src/i2c.o
                0x08000860                MX_I2C1_Init
 .text.HAL_I2C_MspInit
                0x080008e0       0xc0 ./Core/Src/i2c.o
                0x080008e0                HAL_I2C_MspInit
 .text.main     0x080009a0       0x64 ./Core/Src/main.o
                0x080009a0                main
 .text.SystemClock_Config
                0x08000a04       0xd0 ./Core/Src/main.o
                0x08000a04                SystemClock_Config
 .text.Error_Handler
                0x08000ad4        0xc ./Core/Src/main.o
                0x08000ad4                Error_Handler
 .text.HAL_MspInit
                0x08000ae0       0x48 ./Core/Src/stm32f7xx_hal_msp.o
                0x08000ae0                HAL_MspInit
 .text.NMI_Handler
                0x08000b28        0x8 ./Core/Src/stm32f7xx_it.o
                0x08000b28                NMI_Handler
 .text.HardFault_Handler
                0x08000b30        0x8 ./Core/Src/stm32f7xx_it.o
                0x08000b30                HardFault_Handler
 .text.MemManage_Handler
                0x08000b38        0x8 ./Core/Src/stm32f7xx_it.o
                0x08000b38                MemManage_Handler
 .text.BusFault_Handler
                0x08000b40        0x8 ./Core/Src/stm32f7xx_it.o
                0x08000b40                BusFault_Handler
 .text.UsageFault_Handler
                0x08000b48        0x8 ./Core/Src/stm32f7xx_it.o
                0x08000b48                UsageFault_Handler
 .text.SVC_Handler
                0x08000b50        0xe ./Core/Src/stm32f7xx_it.o
                0x08000b50                SVC_Handler
 .text.DebugMon_Handler
                0x08000b5e        0xe ./Core/Src/stm32f7xx_it.o
                0x08000b5e                DebugMon_Handler
 .text.PendSV_Handler
                0x08000b6c        0xe ./Core/Src/stm32f7xx_it.o
                0x08000b6c                PendSV_Handler
 .text.SysTick_Handler
                0x08000b7a        0xc ./Core/Src/stm32f7xx_it.o
                0x08000b7a                SysTick_Handler
 *fill*         0x08000b86        0x2 
 .text.SystemInit
                0x08000b88       0x24 ./Core/Src/system_stm32f7xx.o
                0x08000b88                SystemInit
 .text.MX_TIM1_Init
                0x08000bac      0x158 ./Core/Src/tim.o
                0x08000bac                MX_TIM1_Init
 .text.HAL_TIM_Base_MspInit
                0x08000d04       0x40 ./Core/Src/tim.o
                0x08000d04                HAL_TIM_Base_MspInit
 .text.HAL_TIM_MspPostInit
                0x08000d44       0x70 ./Core/Src/tim.o
                0x08000d44                HAL_TIM_MspPostInit
 .text.MX_USART3_UART_Init
                0x08000db4       0x60 ./Core/Src/usart.o
                0x08000db4                MX_USART3_UART_Init
 .text.HAL_UART_MspInit
                0x08000e14       0xc0 ./Core/Src/usart.o
                0x08000e14                HAL_UART_MspInit
 .text.MX_USB_OTG_FS_PCD_Init
                0x08000ed4       0x5c ./Core/Src/usb_otg.o
                0x08000ed4                MX_USB_OTG_FS_PCD_Init
 .text.HAL_PCD_MspInit
                0x08000f30       0xf4 ./Core/Src/usb_otg.o
                0x08000f30                HAL_PCD_MspInit
 .text.Reset_Handler
                0x08001024       0x50 ./Core/Startup/startup_stm32f746zgtx.o
                0x08001024                Reset_Handler
 .text.Default_Handler
                0x08001074        0x2 ./Core/Startup/startup_stm32f746zgtx.o
                0x08001074                RTC_Alarm_IRQHandler
                0x08001074                EXTI2_IRQHandler
                0x08001074                TIM8_CC_IRQHandler
                0x08001074                UART8_IRQHandler
                0x08001074                SPI4_IRQHandler
                0x08001074                TIM1_CC_IRQHandler
                0x08001074                DMA2_Stream5_IRQHandler
                0x08001074                DMA1_Stream5_IRQHandler
                0x08001074                PVD_IRQHandler
                0x08001074                TAMP_STAMP_IRQHandler
                0x08001074                CAN2_RX1_IRQHandler
                0x08001074                EXTI3_IRQHandler
                0x08001074                TIM8_TRG_COM_TIM14_IRQHandler
                0x08001074                TIM1_UP_TIM10_IRQHandler
                0x08001074                TIM8_UP_TIM13_IRQHandler
                0x08001074                I2C3_ER_IRQHandler
                0x08001074                EXTI0_IRQHandler
                0x08001074                I2C2_EV_IRQHandler
                0x08001074                DMA1_Stream2_IRQHandler
                0x08001074                CAN1_RX0_IRQHandler
                0x08001074                FPU_IRQHandler
                0x08001074                OTG_HS_WKUP_IRQHandler
                0x08001074                LTDC_ER_IRQHandler
                0x08001074                CAN2_SCE_IRQHandler
                0x08001074                DMA2_Stream2_IRQHandler
                0x08001074                SPI1_IRQHandler
                0x08001074                TIM6_DAC_IRQHandler
                0x08001074                TIM1_BRK_TIM9_IRQHandler
                0x08001074                DCMI_IRQHandler
                0x08001074                CAN2_RX0_IRQHandler
                0x08001074                DMA2_Stream3_IRQHandler
                0x08001074                SAI2_IRQHandler
                0x08001074                USART6_IRQHandler
                0x08001074                USART3_IRQHandler
                0x08001074                CAN1_RX1_IRQHandler
                0x08001074                UART5_IRQHandler
                0x08001074                DMA2_Stream0_IRQHandler
                0x08001074                TIM4_IRQHandler
                0x08001074                QUADSPI_IRQHandler
                0x08001074                I2C1_EV_IRQHandler
                0x08001074                DMA1_Stream6_IRQHandler
                0x08001074                DMA1_Stream1_IRQHandler
                0x08001074                UART4_IRQHandler
                0x08001074                TIM3_IRQHandler
                0x08001074                RCC_IRQHandler
                0x08001074                TIM8_BRK_TIM12_IRQHandler
                0x08001074                Default_Handler
                0x08001074                CEC_IRQHandler
                0x08001074                EXTI15_10_IRQHandler
                0x08001074                ADC_IRQHandler
                0x08001074                DMA1_Stream7_IRQHandler
                0x08001074                SPI5_IRQHandler
                0x08001074                TIM7_IRQHandler
                0x08001074                SDMMC1_IRQHandler
                0x08001074                CAN2_TX_IRQHandler
                0x08001074                TIM5_IRQHandler
                0x08001074                DMA2_Stream7_IRQHandler
                0x08001074                I2C3_EV_IRQHandler
                0x08001074                EXTI9_5_IRQHandler
                0x08001074                RTC_WKUP_IRQHandler
                0x08001074                LTDC_IRQHandler
                0x08001074                ETH_WKUP_IRQHandler
                0x08001074                SPDIF_RX_IRQHandler
                0x08001074                SPI2_IRQHandler
                0x08001074                OTG_HS_EP1_IN_IRQHandler
                0x08001074                DMA1_Stream0_IRQHandler
                0x08001074                CAN1_TX_IRQHandler
                0x08001074                EXTI4_IRQHandler
                0x08001074                RNG_IRQHandler
                0x08001074                ETH_IRQHandler
                0x08001074                OTG_HS_EP1_OUT_IRQHandler
                0x08001074                WWDG_IRQHandler
                0x08001074                SPI6_IRQHandler
                0x08001074                I2C4_EV_IRQHandler
                0x08001074                TIM2_IRQHandler
                0x08001074                OTG_FS_WKUP_IRQHandler
                0x08001074                TIM1_TRG_COM_TIM11_IRQHandler
                0x08001074                OTG_HS_IRQHandler
                0x08001074                DMA2D_IRQHandler
                0x08001074                EXTI1_IRQHandler
                0x08001074                UART7_IRQHandler
                0x08001074                USART2_IRQHandler
                0x08001074                I2C2_ER_IRQHandler
                0x08001074                DMA2_Stream1_IRQHandler
                0x08001074                CAN1_SCE_IRQHandler
                0x08001074                FLASH_IRQHandler
                0x08001074                DMA2_Stream4_IRQHandler
                0x08001074                USART1_IRQHandler
                0x08001074                OTG_FS_IRQHandler
                0x08001074                SPI3_IRQHandler
                0x08001074                DMA1_Stream4_IRQHandler
                0x08001074                I2C1_ER_IRQHandler
                0x08001074                FMC_IRQHandler
                0x08001074                LPTIM1_IRQHandler
                0x08001074                I2C4_ER_IRQHandler
                0x08001074                DMA2_Stream6_IRQHandler
                0x08001074                SAI1_IRQHandler
                0x08001074                DMA1_Stream3_IRQHandler
 .text.HAL_Init
                0x08001076       0x1a ./Drivers/STM32F7xx_HAL_Driver/Src/stm32f7xx_hal.o
                0x08001076                HAL_Init
 .text.HAL_InitTick
                0x08001090       0x60 ./Drivers/STM32F7xx_HAL_Driver/Src/stm32f7xx_hal.o
                0x08001090                HAL_InitTick
 .text.HAL_IncTick
                0x080010f0       0x28 ./Drivers/STM32F7xx_HAL_Driver/Src/stm32f7xx_hal.o
                0x080010f0                HAL_IncTick
 .text.HAL_GetTick
                0x08001118       0x18 ./Drivers/STM32F7xx_HAL_Driver/Src/stm32f7xx_hal.o
                0x08001118                HAL_GetTick
 .text.HAL_Delay
                0x08001130       0x48 ./Drivers/STM32F7xx_HAL_Driver/Src/stm32f7xx_hal.o
                0x08001130                HAL_Delay
 .text.__NVIC_SetPriorityGrouping
                0x08001178       0x48 ./Drivers/STM32F7xx_HAL_Driver/Src/stm32f7xx_hal_cortex.o
 .text.__NVIC_GetPriorityGrouping
                0x080011c0       0x1c ./Drivers/STM32F7xx_HAL_Driver/Src/stm32f7xx_hal_cortex.o
 .text.__NVIC_SetPriority
                0x080011dc       0x54 ./Drivers/STM32F7xx_HAL_Driver/Src/stm32f7xx_hal_cortex.o
 .text.NVIC_EncodePriority
                0x08001230       0x66 ./Drivers/STM32F7xx_HAL_Driver/Src/stm32f7xx_hal_cortex.o
 *fill*         0x08001296        0x2 
 .text.SysTick_Config
                0x08001298       0x44 ./Drivers/STM32F7xx_HAL_Driver/Src/stm32f7xx_hal_cortex.o
 .text.HAL_NVIC_SetPriorityGrouping
                0x080012dc       0x16 ./Drivers/STM32F7xx_HAL_Driver/Src/stm32f7xx_hal_cortex.o
                0x080012dc                HAL_NVIC_SetPriorityGrouping
 .text.HAL_NVIC_SetPriority
                0x080012f2       0x38 ./Drivers/STM32F7xx_HAL_Driver/Src/stm32f7xx_hal_cortex.o
                0x080012f2                HAL_NVIC_SetPriority
 .text.HAL_SYSTICK_Config
                0x0800132a       0x18 ./Drivers/STM32F7xx_HAL_Driver/Src/stm32f7xx_hal_cortex.o
                0x0800132a                HAL_SYSTICK_Config
 *fill*         0x08001342        0x2 
 .text.HAL_ETH_Init
                0x08001344      0x134 ./Drivers/STM32F7xx_HAL_Driver/Src/stm32f7xx_hal_eth.o
                0x08001344                HAL_ETH_Init
 .text.ETH_SetMACConfig
                0x08001478      0x168 ./Drivers/STM32F7xx_HAL_Driver/Src/stm32f7xx_hal_eth.o
 .text.ETH_SetDMAConfig
                0x080015e0      0x114 ./Drivers/STM32F7xx_HAL_Driver/Src/stm32f7xx_hal_eth.o
 .text.ETH_MACDMAConfig
                0x080016f4       0xea ./Drivers/STM32F7xx_HAL_Driver/Src/stm32f7xx_hal_eth.o
 *fill*         0x080017de        0x2 
 .text.ETH_MACAddressConfig
                0x080017e0       0x70 ./Drivers/STM32F7xx_HAL_Driver/Src/stm32f7xx_hal_eth.o
 .text.ETH_DMATxDescListInit
                0x08001850       0xb2 ./Drivers/STM32F7xx_HAL_Driver/Src/stm32f7xx_hal_eth.o
 .text.ETH_DMARxDescListInit
                0x08001902       0xde ./Drivers/STM32F7xx_HAL_Driver/Src/stm32f7xx_hal_eth.o
 .text.HAL_GPIO_Init
                0x080019e0      0x358 ./Drivers/STM32F7xx_HAL_Driver/Src/stm32f7xx_hal_gpio.o
                0x080019e0                HAL_GPIO_Init
 .text.HAL_GPIO_WritePin
                0x08001d38       0x32 ./Drivers/STM32F7xx_HAL_Driver/Src/stm32f7xx_hal_gpio.o
                0x08001d38                HAL_GPIO_WritePin
 *fill*         0x08001d6a        0x2 
 .text.HAL_I2C_Init
                0x08001d6c      0x138 ./Drivers/STM32F7xx_HAL_Driver/Src/stm32f7xx_hal_i2c.o
                0x08001d6c                HAL_I2C_Init
 .text.HAL_I2CEx_ConfigAnalogFilter
                0x08001ea4       0x96 ./Drivers/STM32F7xx_HAL_Driver/Src/stm32f7xx_hal_i2c_ex.o
                0x08001ea4                HAL_I2CEx_ConfigAnalogFilter
 .text.HAL_I2CEx_ConfigDigitalFilter
                0x08001f3a       0x98 ./Drivers/STM32F7xx_HAL_Driver/Src/stm32f7xx_hal_i2c_ex.o
                0x08001f3a                HAL_I2CEx_ConfigDigitalFilter
 .text.HAL_PCD_Init
                0x08001fd2      0x22c ./Drivers/STM32F7xx_HAL_Driver/Src/stm32f7xx_hal_pcd.o
                0x08001fd2                HAL_PCD_Init
 *fill*         0x080021fe        0x2 
 .text.HAL_PCDEx_ActivateLPM
                0x08002200       0x48 ./Drivers/STM32F7xx_HAL_Driver/Src/stm32f7xx_hal_pcd_ex.o
                0x08002200                HAL_PCDEx_ActivateLPM
 .text.HAL_PWR_EnableBkUpAccess
                0x08002248       0x20 ./Drivers/STM32F7xx_HAL_Driver/Src/stm32f7xx_hal_pwr.o
                0x08002248                HAL_PWR_EnableBkUpAccess
 .text.HAL_RCC_OscConfig
                0x08002268      0x548 ./Drivers/STM32F7xx_HAL_Driver/Src/stm32f7xx_hal_rcc.o
                0x08002268                HAL_RCC_OscConfig
 .text.HAL_RCC_ClockConfig
                0x080027b0      0x1d8 ./Drivers/STM32F7xx_HAL_Driver/Src/stm32f7xx_hal_rcc.o
                0x080027b0                HAL_RCC_ClockConfig
 .text.HAL_RCC_GetSysClockFreq
                0x08002988      0x20c ./Drivers/STM32F7xx_HAL_Driver/Src/stm32f7xx_hal_rcc.o
                0x08002988                HAL_RCC_GetSysClockFreq
 .text.HAL_RCC_GetHCLKFreq
                0x08002b94       0x18 ./Drivers/STM32F7xx_HAL_Driver/Src/stm32f7xx_hal_rcc.o
                0x08002b94                HAL_RCC_GetHCLKFreq
 .text.HAL_RCC_GetPCLK1Freq
                0x08002bac       0x28 ./Drivers/STM32F7xx_HAL_Driver/Src/stm32f7xx_hal_rcc.o
                0x08002bac                HAL_RCC_GetPCLK1Freq
 .text.HAL_RCC_GetPCLK2Freq
                0x08002bd4       0x28 ./Drivers/STM32F7xx_HAL_Driver/Src/stm32f7xx_hal_rcc.o
                0x08002bd4                HAL_RCC_GetPCLK2Freq
 .text.HAL_RCCEx_PeriphCLKConfig
                0x08002bfc      0x7e0 ./Drivers/STM32F7xx_HAL_Driver/Src/stm32f7xx_hal_rcc_ex.o
                0x08002bfc                HAL_RCCEx_PeriphCLKConfig
 .text.HAL_TIM_Base_Init
                0x080033dc       0xae ./Drivers/STM32F7xx_HAL_Driver/Src/stm32f7xx_hal_tim.o
                0x080033dc                HAL_TIM_Base_Init
 .text.HAL_TIM_PWM_Init
                0x0800348a       0xae ./Drivers/STM32F7xx_HAL_Driver/Src/stm32f7xx_hal_tim.o
                0x0800348a                HAL_TIM_PWM_Init
 .text.HAL_TIM_PWM_MspInit
                0x08003538       0x14 ./Drivers/STM32F7xx_HAL_Driver/Src/stm32f7xx_hal_tim.o
                0x08003538                HAL_TIM_PWM_MspInit
 .text.HAL_TIM_PWM_Start
                0x0800354c      0x1f4 ./Drivers/STM32F7xx_HAL_Driver/Src/stm32f7xx_hal_tim.o
                0x0800354c                HAL_TIM_PWM_Start
 .text.HAL_TIM_PWM_ConfigChannel
                0x08003740      0x228 ./Drivers/STM32F7xx_HAL_Driver/Src/stm32f7xx_hal_tim.o
                0x08003740                HAL_TIM_PWM_ConfigChannel
 .text.HAL_TIM_ConfigClockSource
                0x08003968      0x194 ./Drivers/STM32F7xx_HAL_Driver/Src/stm32f7xx_hal_tim.o
                0x08003968                HAL_TIM_ConfigClockSource
 .text.TIM_Base_SetConfig
                0x08003afc      0x14c ./Drivers/STM32F7xx_HAL_Driver/Src/stm32f7xx_hal_tim.o
                0x08003afc                TIM_Base_SetConfig
 .text.TIM_OC1_SetConfig
                0x08003c48       0xe4 ./Drivers/STM32F7xx_HAL_Driver/Src/stm32f7xx_hal_tim.o
 .text.TIM_OC2_SetConfig
                0x08003d2c       0xf0 ./Drivers/STM32F7xx_HAL_Driver/Src/stm32f7xx_hal_tim.o
                0x08003d2c                TIM_OC2_SetConfig
 .text.TIM_OC3_SetConfig
                0x08003e1c       0xec ./Drivers/STM32F7xx_HAL_Driver/Src/stm32f7xx_hal_tim.o
 .text.TIM_OC4_SetConfig
                0x08003f08       0xb0 ./Drivers/STM32F7xx_HAL_Driver/Src/stm32f7xx_hal_tim.o
 .text.TIM_OC5_SetConfig
                0x08003fb8       0xa4 ./Drivers/STM32F7xx_HAL_Driver/Src/stm32f7xx_hal_tim.o
 .text.TIM_OC6_SetConfig
                0x0800405c       0xa8 ./Drivers/STM32F7xx_HAL_Driver/Src/stm32f7xx_hal_tim.o
 .text.TIM_TI1_ConfigInputStage
                0x08004104       0x5e ./Drivers/STM32F7xx_HAL_Driver/Src/stm32f7xx_hal_tim.o
 .text.TIM_TI2_ConfigInputStage
                0x08004162       0x60 ./Drivers/STM32F7xx_HAL_Driver/Src/stm32f7xx_hal_tim.o
 .text.TIM_ITRx_SetConfig
                0x080041c2       0x36 ./Drivers/STM32F7xx_HAL_Driver/Src/stm32f7xx_hal_tim.o
 .text.TIM_ETR_SetConfig
                0x080041f8       0x40 ./Drivers/STM32F7xx_HAL_Driver/Src/stm32f7xx_hal_tim.o
                0x080041f8                TIM_ETR_SetConfig
 .text.TIM_CCxChannelCmd
                0x08004238       0x4a ./Drivers/STM32F7xx_HAL_Driver/Src/stm32f7xx_hal_tim.o
                0x08004238                TIM_CCxChannelCmd
 *fill*         0x08004282        0x2 
 .text.HAL_TIMEx_MasterConfigSynchronization
                0x08004284      0x11c ./Drivers/STM32F7xx_HAL_Driver/Src/stm32f7xx_hal_tim_ex.o
                0x08004284                HAL_TIMEx_MasterConfigSynchronization
 .text.HAL_TIMEx_ConfigBreakDeadTime
                0x080043a0       0xfc ./Drivers/STM32F7xx_HAL_Driver/Src/stm32f7xx_hal_tim_ex.o
                0x080043a0                HAL_TIMEx_ConfigBreakDeadTime
 .text.HAL_UART_Init
                0x0800449c       0x9c ./Drivers/STM32F7xx_HAL_Driver/Src/stm32f7xx_hal_uart.o
                0x0800449c                HAL_UART_Init
 .text.UART_SetConfig
                0x08004538      0x4c8 ./Drivers/STM32F7xx_HAL_Driver/Src/stm32f7xx_hal_uart.o
                0x08004538                UART_SetConfig
 .text.UART_AdvFeatureConfig
                0x08004a00      0x144 ./Drivers/STM32F7xx_HAL_Driver/Src/stm32f7xx_hal_uart.o
                0x08004a00                UART_AdvFeatureConfig
 .text.UART_CheckIdleState
                0x08004b44       0xae ./Drivers/STM32F7xx_HAL_Driver/Src/stm32f7xx_hal_uart.o
                0x08004b44                UART_CheckIdleState
 .text.UART_WaitOnFlagUntilTimeout
                0x08004bf2       0xda ./Drivers/STM32F7xx_HAL_Driver/Src/stm32f7xx_hal_uart.o
                0x08004bf2                UART_WaitOnFlagUntilTimeout
 .text.UART_EndRxTransfer
                0x08004ccc       0xc8 ./Drivers/STM32F7xx_HAL_Driver/Src/stm32f7xx_hal_uart.o
 .text.USB_CoreInit
                0x08004d94       0xb4 ./Drivers/STM32F7xx_HAL_Driver/Src/stm32f7xx_ll_usb.o
                0x08004d94                USB_CoreInit
 .text.USB_DisableGlobalInt
                0x08004e48       0x22 ./Drivers/STM32F7xx_HAL_Driver/Src/stm32f7xx_ll_usb.o
                0x08004e48                USB_DisableGlobalInt
 .text.USB_SetCurrentMode
                0x08004e6a       0x98 ./Drivers/STM32F7xx_HAL_Driver/Src/stm32f7xx_ll_usb.o
                0x08004e6a                USB_SetCurrentMode
 *fill*         0x08004f02        0x2 
 .text.USB_DevInit
                0x08004f04      0x2bc ./Drivers/STM32F7xx_HAL_Driver/Src/stm32f7xx_ll_usb.o
                0x08004f04                USB_DevInit
 .text.USB_FlushTxFifo
                0x080051c0       0x64 ./Drivers/STM32F7xx_HAL_Driver/Src/stm32f7xx_ll_usb.o
                0x080051c0                USB_FlushTxFifo
 .text.USB_FlushRxFifo
                0x08005224       0x5c ./Drivers/STM32F7xx_HAL_Driver/Src/stm32f7xx_ll_usb.o
                0x08005224                USB_FlushRxFifo
 .text.USB_SetDevSpeed
                0x08005280       0x32 ./Drivers/STM32F7xx_HAL_Driver/Src/stm32f7xx_ll_usb.o
                0x08005280                USB_SetDevSpeed
 .text.USB_DevDisconnect
                0x080052b2       0x42 ./Drivers/STM32F7xx_HAL_Driver/Src/stm32f7xx_ll_usb.o
                0x080052b2                USB_DevDisconnect
 .text.USB_GetMode
                0x080052f4       0x1c ./Drivers/STM32F7xx_HAL_Driver/Src/stm32f7xx_ll_usb.o
                0x080052f4                USB_GetMode
 .text.USB_CoreReset
                0x08005310       0x70 ./Drivers/STM32F7xx_HAL_Driver/Src/stm32f7xx_ll_usb.o
 .text.memset   0x08005380       0x10 C:/ST/STM32CubeIDE_1.17.0/STM32CubeIDE/plugins/com.st.stm32cube.ide.mcu.externaltools.gnu-tools-for-stm32.12.3.rel1.win32_1.1.0.202410251130/tools/bin/../lib/gcc/arm-none-eabi/12.3.1/../../../../arm-none-eabi/lib/thumb/v7e-m+fp/hard\libc_nano.a(libc_a-memset.o)
                0x08005380                memset
 .text.__libc_init_array
                0x08005390       0x48 C:/ST/STM32CubeIDE_1.17.0/STM32CubeIDE/plugins/com.st.stm32cube.ide.mcu.externaltools.gnu-tools-for-stm32.12.3.rel1.win32_1.1.0.202410251130/tools/bin/../lib/gcc/arm-none-eabi/12.3.1/../../../../arm-none-eabi/lib/thumb/v7e-m+fp/hard\libc_nano.a(libc_a-init.o)
                0x08005390                __libc_init_array
 *(.glue_7)
 .glue_7        0x080053d8        0x0 linker stubs
 *(.glue_7t)
 .glue_7t       0x080053d8        0x0 linker stubs
 *(.eh_frame)
 .eh_frame      0x080053d8        0x0 C:/ST/STM32CubeIDE_1.17.0/STM32CubeIDE/plugins/com.st.stm32cube.ide.mcu.externaltools.gnu-tools-for-stm32.12.3.rel1.win32_1.1.0.202410251130/tools/bin/../lib/gcc/arm-none-eabi/12.3.1/thumb/v7e-m+fp/hard/crtbegin.o
 *(.init)
 .init          0x080053d8        0x4 C:/ST/STM32CubeIDE_1.17.0/STM32CubeIDE/plugins/com.st.stm32cube.ide.mcu.externaltools.gnu-tools-for-stm32.12.3.rel1.win32_1.1.0.202410251130/tools/bin/../lib/gcc/arm-none-eabi/12.3.1/thumb/v7e-m+fp/hard/crti.o
                0x080053d8                _init
 .init          0x080053dc        0x8 C:/ST/STM32CubeIDE_1.17.0/STM32CubeIDE/plugins/com.st.stm32cube.ide.mcu.externaltools.gnu-tools-for-stm32.12.3.rel1.win32_1.1.0.202410251130/tools/bin/../lib/gcc/arm-none-eabi/12.3.1/thumb/v7e-m+fp/hard/crtn.o
 *(.fini)
 .fini          0x080053e4        0x4 C:/ST/STM32CubeIDE_1.17.0/STM32CubeIDE/plugins/com.st.stm32cube.ide.mcu.externaltools.gnu-tools-for-stm32.12.3.rel1.win32_1.1.0.202410251130/tools/bin/../lib/gcc/arm-none-eabi/12.3.1/thumb/v7e-m+fp/hard/crti.o
                0x080053e4                _fini
 .fini          0x080053e8        0x8 C:/ST/STM32CubeIDE_1.17.0/STM32CubeIDE/plugins/com.st.stm32cube.ide.mcu.externaltools.gnu-tools-for-stm32.12.3.rel1.win32_1.1.0.202410251130/tools/bin/../lib/gcc/arm-none-eabi/12.3.1/thumb/v7e-m+fp/hard/crtn.o
                0x080053f0                        . = ALIGN (0x4)
                0x080053f0                        _etext = .

.vfp11_veneer   0x080053f0        0x0
 .vfp11_veneer  0x080053f0        0x0 linker stubs

.v4_bx          0x080053f0        0x0
 .v4_bx         0x080053f0        0x0 linker stubs

.iplt           0x080053f0        0x0
 .iplt          0x080053f0        0x0 C:/ST/STM32CubeIDE_1.17.0/STM32CubeIDE/plugins/com.st.stm32cube.ide.mcu.externaltools.gnu-tools-for-stm32.12.3.rel1.win32_1.1.0.202410251130/tools/bin/../lib/gcc/arm-none-eabi/12.3.1/thumb/v7e-m+fp/hard/crtbegin.o

.rodata         0x080053f0       0x18
                0x080053f0                        . = ALIGN (0x4)
 *(.rodata)
 *(.rodata*)
 .rodata.AHBPrescTable
                0x080053f0       0x10 ./Core/Src/system_stm32f7xx.o
                0x080053f0                AHBPrescTable
 .rodata.APBPrescTable
                0x08005400        0x8 ./Core/Src/system_stm32f7xx.o
                0x08005400                APBPrescTable
                0x08005408                        . = ALIGN (0x4)

.ARM.extab      0x08005408        0x0
                0x08005408                        . = ALIGN (0x4)
 *(.ARM.extab* .gnu.linkonce.armextab.*)
                0x08005408                        . = ALIGN (0x4)

.ARM            0x08005408        0x8
                0x08005408                        . = ALIGN (0x4)
                0x08005408                        __exidx_start = .
 *(.ARM.exidx*)
 .ARM.exidx     0x08005408        0x8 C:/ST/STM32CubeIDE_1.17.0/STM32CubeIDE/plugins/com.st.stm32cube.ide.mcu.externaltools.gnu-tools-for-stm32.12.3.rel1.win32_1.1.0.202410251130/tools/bin/../lib/gcc/arm-none-eabi/12.3.1/thumb/v7e-m+fp/hard\libgcc.a(_udivmoddi4.o)
                0x08005410                        __exidx_end = .
                0x08005410                        . = ALIGN (0x4)

.preinit_array  0x08005410        0x0
                0x08005410                        . = ALIGN (0x4)
                0x08005410                        PROVIDE (__preinit_array_start = .)
 *(.preinit_array*)
                0x08005410                        PROVIDE (__preinit_array_end = .)
                0x08005410                        . = ALIGN (0x4)

.init_array     0x08005410        0x4
                0x08005410                        . = ALIGN (0x4)
                0x08005410                        PROVIDE (__init_array_start = .)
 *(SORT_BY_NAME(.init_array.*))
 *(.init_array*)
 .init_array    0x08005410        0x4 C:/ST/STM32CubeIDE_1.17.0/STM32CubeIDE/plugins/com.st.stm32cube.ide.mcu.externaltools.gnu-tools-for-stm32.12.3.rel1.win32_1.1.0.202410251130/tools/bin/../lib/gcc/arm-none-eabi/12.3.1/thumb/v7e-m+fp/hard/crtbegin.o
                0x08005414                        PROVIDE (__init_array_end = .)
                0x08005414                        . = ALIGN (0x4)

.fini_array     0x08005414        0x4
                0x08005414                        . = ALIGN (0x4)
                [!provide]                        PROVIDE (__fini_array_start = .)
 *(SORT_BY_NAME(.fini_array.*))
 *(.fini_array*)
 .fini_array    0x08005414        0x4 C:/ST/STM32CubeIDE_1.17.0/STM32CubeIDE/plugins/com.st.stm32cube.ide.mcu.externaltools.gnu-tools-for-stm32.12.3.rel1.win32_1.1.0.202410251130/tools/bin/../lib/gcc/arm-none-eabi/12.3.1/thumb/v7e-m+fp/hard/crtbegin.o
                [!provide]                        PROVIDE (__fini_array_end = .)
                0x08005418                        . = ALIGN (0x4)
                0x08005418                        _sidata = LOADADDR (.data)

.rel.dyn        0x08005418        0x0
 .rel.iplt      0x08005418        0x0 C:/ST/STM32CubeIDE_1.17.0/STM32CubeIDE/plugins/com.st.stm32cube.ide.mcu.externaltools.gnu-tools-for-stm32.12.3.rel1.win32_1.1.0.202410251130/tools/bin/../lib/gcc/arm-none-eabi/12.3.1/thumb/v7e-m+fp/hard/crtbegin.o

.data           0x20000000        0xc load address 0x08005418
                0x20000000                        . = ALIGN (0x4)
                0x20000000                        _sdata = .
 *(.data)
 *(.data*)
 .data.SystemCoreClock
                0x20000000        0x4 ./Core/Src/system_stm32f7xx.o
                0x20000000                SystemCoreClock
 .data.uwTickPrio
                0x20000004        0x4 ./Drivers/STM32F7xx_HAL_Driver/Src/stm32f7xx_hal.o
                0x20000004                uwTickPrio
 .data.uwTickFreq
                0x20000008        0x1 ./Drivers/STM32F7xx_HAL_Driver/Src/stm32f7xx_hal.o
                0x20000008                uwTickFreq
 *(.RamFunc)
 *(.RamFunc*)
                0x2000000c                        . = ALIGN (0x4)
 *fill*         0x20000009        0x3 
                0x2000000c                        _edata = .

.igot.plt       0x2000000c        0x0 load address 0x08005424
 .igot.plt      0x2000000c        0x0 C:/ST/STM32CubeIDE_1.17.0/STM32CubeIDE/plugins/com.st.stm32cube.ide.mcu.externaltools.gnu-tools-for-stm32.12.3.rel1.win32_1.1.0.202410251130/tools/bin/../lib/gcc/arm-none-eabi/12.3.1/thumb/v7e-m+fp/hard/crtbegin.o

.RxDecripSection
                0x2000000c       0xa0 load address 0x08005424
 .RxDecripSection
                0x2000000c       0xa0 ./Core/Src/eth.o
                0x2000000c                DMARxDscrTab

.TxDecripSection
                0x200000ac       0xa0 load address 0x080054c4
 .TxDecripSection
                0x200000ac       0xa0 ./Core/Src/eth.o
                0x200000ac                DMATxDscrTab
                0x2000014c                        . = ALIGN (0x4)

.bss            0x2000014c      0x718 load address 0x08005564
                0x2000014c                        _sbss = .
                0x2000014c                        __bss_start__ = _sbss
 *(.bss)
 .bss           0x2000014c       0x1c C:/ST/STM32CubeIDE_1.17.0/STM32CubeIDE/plugins/com.st.stm32cube.ide.mcu.externaltools.gnu-tools-for-stm32.12.3.rel1.win32_1.1.0.202410251130/tools/bin/../lib/gcc/arm-none-eabi/12.3.1/thumb/v7e-m+fp/hard/crtbegin.o
 *(.bss*)
 .bss.TxConfig  0x20000168       0x38 ./Core/Src/eth.o
                0x20000168                TxConfig
 .bss.heth      0x200001a0       0xb0 ./Core/Src/eth.o
                0x200001a0                heth
 .bss.MACAddr.0
                0x20000250        0x6 ./Core/Src/eth.o
 *fill*         0x20000256        0x2 
 .bss.hi2c1     0x20000258       0x54 ./Core/Src/i2c.o
                0x20000258                hi2c1
 .bss.htim1     0x200002ac       0x4c ./Core/Src/tim.o
                0x200002ac                htim1
 .bss.huart3    0x200002f8       0x88 ./Core/Src/usart.o
                0x200002f8                huart3
 .bss.hpcd_USB_OTG_FS
                0x20000380      0x4e0 ./Core/Src/usb_otg.o
                0x20000380                hpcd_USB_OTG_FS
 .bss.uwTick    0x20000860        0x4 ./Drivers/STM32F7xx_HAL_Driver/Src/stm32f7xx_hal.o
                0x20000860                uwTick
 *(COMMON)
                0x20000864                        . = ALIGN (0x4)
                0x20000864                        _ebss = .
                0x20000864                        __bss_end__ = _ebss

._user_heap_stack
                0x20000864      0x604 load address 0x08005564
                0x20000868                        . = ALIGN (0x8)
 *fill*         0x20000864        0x4 
                [!provide]                        PROVIDE (end = .)
                0x20000868                        PROVIDE (_end = .)
                0x20000a68                        . = (. + _Min_Heap_Size)
 *fill*         0x20000868      0x200 
                0x20000e68                        . = (. + _Min_Stack_Size)
 *fill*         0x20000a68      0x400 
                0x20000e68                        . = ALIGN (0x8)

/DISCARD/
 libc.a(*)
 libm.a(*)
 libgcc.a(*)

.ARM.attributes
                0x00000000       0x30
 *(.ARM.attributes)
 .ARM.attributes
                0x00000000       0x22 C:/ST/STM32CubeIDE_1.17.0/STM32CubeIDE/plugins/com.st.stm32cube.ide.mcu.externaltools.gnu-tools-for-stm32.12.3.rel1.win32_1.1.0.202410251130/tools/bin/../lib/gcc/arm-none-eabi/12.3.1/thumb/v7e-m+fp/hard/crti.o
 .ARM.attributes
                0x00000022       0x34 C:/ST/STM32CubeIDE_1.17.0/STM32CubeIDE/plugins/com.st.stm32cube.ide.mcu.externaltools.gnu-tools-for-stm32.12.3.rel1.win32_1.1.0.202410251130/tools/bin/../lib/gcc/arm-none-eabi/12.3.1/thumb/v7e-m+fp/hard/crtbegin.o
 .ARM.attributes
                0x00000056       0x34 ./Core/Src/eth.o
 .ARM.attributes
                0x0000008a       0x34 ./Core/Src/gpio.o
 .ARM.attributes
                0x000000be       0x34 ./Core/Src/i2c.o
 .ARM.attributes
                0x000000f2       0x34 ./Core/Src/main.o
 .ARM.attributes
                0x00000126       0x34 ./Core/Src/stm32f7xx_hal_msp.o
 .ARM.attributes
                0x0000015a       0x34 ./Core/Src/stm32f7xx_it.o
 .ARM.attributes
                0x0000018e       0x34 ./Core/Src/system_stm32f7xx.o
 .ARM.attributes
                0x000001c2       0x34 ./Core/Src/tim.o
 .ARM.attributes
                0x000001f6       0x34 ./Core/Src/usart.o
 .ARM.attributes
                0x0000022a       0x34 ./Core/Src/usb_otg.o
 .ARM.attributes
                0x0000025e       0x21 ./Core/Startup/startup_stm32f746zgtx.o
 .ARM.attributes
                0x0000027f       0x34 ./Drivers/STM32F7xx_HAL_Driver/Src/stm32f7xx_hal.o
 .ARM.attributes
                0x000002b3       0x34 ./Drivers/STM32F7xx_HAL_Driver/Src/stm32f7xx_hal_cortex.o
 .ARM.attributes
                0x000002e7       0x34 ./Drivers/STM32F7xx_HAL_Driver/Src/stm32f7xx_hal_eth.o
 .ARM.attributes
                0x0000031b       0x34 ./Drivers/STM32F7xx_HAL_Driver/Src/stm32f7xx_hal_gpio.o
 .ARM.attributes
                0x0000034f       0x34 ./Drivers/STM32F7xx_HAL_Driver/Src/stm32f7xx_hal_i2c.o
 .ARM.attributes
                0x00000383       0x34 ./Drivers/STM32F7xx_HAL_Driver/Src/stm32f7xx_hal_i2c_ex.o
 .ARM.attributes
                0x000003b7       0x34 ./Drivers/STM32F7xx_HAL_Driver/Src/stm32f7xx_hal_pcd.o
 .ARM.attributes
                0x000003eb       0x34 ./Drivers/STM32F7xx_HAL_Driver/Src/stm32f7xx_hal_pcd_ex.o
 .ARM.attributes
                0x0000041f       0x34 ./Drivers/STM32F7xx_HAL_Driver/Src/stm32f7xx_hal_pwr.o
 .ARM.attributes
                0x00000453       0x34 ./Drivers/STM32F7xx_HAL_Driver/Src/stm32f7xx_hal_rcc.o
 .ARM.attributes
                0x00000487       0x34 ./Drivers/STM32F7xx_HAL_Driver/Src/stm32f7xx_hal_rcc_ex.o
 .ARM.attributes
                0x000004bb       0x34 ./Drivers/STM32F7xx_HAL_Driver/Src/stm32f7xx_hal_tim.o
 .ARM.attributes
                0x000004ef       0x34 ./Drivers/STM32F7xx_HAL_Driver/Src/stm32f7xx_hal_tim_ex.o
 .ARM.attributes
                0x00000523       0x34 ./Drivers/STM32F7xx_HAL_Driver/Src/stm32f7xx_hal_uart.o
 .ARM.attributes
                0x00000557       0x34 ./Drivers/STM32F7xx_HAL_Driver/Src/stm32f7xx_ll_usb.o
 .ARM.attributes
                0x0000058b       0x34 C:/ST/STM32CubeIDE_1.17.0/STM32CubeIDE/plugins/com.st.stm32cube.ide.mcu.externaltools.gnu-tools-for-stm32.12.3.rel1.win32_1.1.0.202410251130/tools/bin/../lib/gcc/arm-none-eabi/12.3.1/../../../../arm-none-eabi/lib/thumb/v7e-m+fp/hard\libc_nano.a(libc_a-memset.o)
 .ARM.attributes
                0x000005bf       0x34 C:/ST/STM32CubeIDE_1.17.0/STM32CubeIDE/plugins/com.st.stm32cube.ide.mcu.externaltools.gnu-tools-for-stm32.12.3.rel1.win32_1.1.0.202410251130/tools/bin/../lib/gcc/arm-none-eabi/12.3.1/../../../../arm-none-eabi/lib/thumb/v7e-m+fp/hard\libc_nano.a(libc_a-init.o)
 .ARM.attributes
                0x000005f3       0x22 C:/ST/STM32CubeIDE_1.17.0/STM32CubeIDE/plugins/com.st.stm32cube.ide.mcu.externaltools.gnu-tools-for-stm32.12.3.rel1.win32_1.1.0.202410251130/tools/bin/../lib/gcc/arm-none-eabi/12.3.1/thumb/v7e-m+fp/hard\libgcc.a(_aeabi_uldivmod.o)
 .ARM.attributes
                0x00000615       0x34 C:/ST/STM32CubeIDE_1.17.0/STM32CubeIDE/plugins/com.st.stm32cube.ide.mcu.externaltools.gnu-tools-for-stm32.12.3.rel1.win32_1.1.0.202410251130/tools/bin/../lib/gcc/arm-none-eabi/12.3.1/thumb/v7e-m+fp/hard\libgcc.a(_udivmoddi4.o)
 .ARM.attributes
                0x00000649       0x22 C:/ST/STM32CubeIDE_1.17.0/STM32CubeIDE/plugins/com.st.stm32cube.ide.mcu.externaltools.gnu-tools-for-stm32.12.3.rel1.win32_1.1.0.202410251130/tools/bin/../lib/gcc/arm-none-eabi/12.3.1/thumb/v7e-m+fp/hard\libgcc.a(_dvmd_tls.o)
 .ARM.attributes
                0x0000066b       0x22 C:/ST/STM32CubeIDE_1.17.0/STM32CubeIDE/plugins/com.st.stm32cube.ide.mcu.externaltools.gnu-tools-for-stm32.12.3.rel1.win32_1.1.0.202410251130/tools/bin/../lib/gcc/arm-none-eabi/12.3.1/thumb/v7e-m+fp/hard/crtn.o
OUTPUT(TestOnDiode.elf elf32-littlearm)
LOAD linker stubs
LOAD C:/ST/STM32CubeIDE_1.17.0/STM32CubeIDE/plugins/com.st.stm32cube.ide.mcu.externaltools.gnu-tools-for-stm32.12.3.rel1.win32_1.1.0.202410251130/tools/bin/../lib/gcc/arm-none-eabi/12.3.1/../../../../arm-none-eabi/lib/thumb/v7e-m+fp/hard\libc.a
LOAD C:/ST/STM32CubeIDE_1.17.0/STM32CubeIDE/plugins/com.st.stm32cube.ide.mcu.externaltools.gnu-tools-for-stm32.12.3.rel1.win32_1.1.0.202410251130/tools/bin/../lib/gcc/arm-none-eabi/12.3.1/../../../../arm-none-eabi/lib/thumb/v7e-m+fp/hard\libm.a
LOAD C:/ST/STM32CubeIDE_1.17.0/STM32CubeIDE/plugins/com.st.stm32cube.ide.mcu.externaltools.gnu-tools-for-stm32.12.3.rel1.win32_1.1.0.202410251130/tools/bin/../lib/gcc/arm-none-eabi/12.3.1/thumb/v7e-m+fp/hard\libgcc.a

.debug_info     0x00000000    0x192b6
 .debug_info    0x00000000      0xf78 ./Core/Src/eth.o
 .debug_info    0x00000f78      0x481 ./Core/Src/gpio.o
 .debug_info    0x000013f9      0xc23 ./Core/Src/i2c.o
 .debug_info    0x0000201c      0xb75 ./Core/Src/main.o
 .debug_info    0x00002b91      0x28d ./Core/Src/stm32f7xx_hal_msp.o
 .debug_info    0x00002e1e      0x112 ./Core/Src/stm32f7xx_it.o
 .debug_info    0x00002f30      0x6ed ./Core/Src/system_stm32f7xx.o
 .debug_info    0x0000361d      0xd4d ./Core/Src/tim.o
 .debug_info    0x0000436a      0xc5a ./Core/Src/usart.o
 .debug_info    0x00004fc4      0xbf6 ./Core/Src/usb_otg.o
 .debug_info    0x00005bba       0x30 ./Core/Startup/startup_stm32f746zgtx.o
 .debug_info    0x00005bea      0x9d8 ./Drivers/STM32F7xx_HAL_Driver/Src/stm32f7xx_hal.o
 .debug_info    0x000065c2      0xf7e ./Drivers/STM32F7xx_HAL_Driver/Src/stm32f7xx_hal_cortex.o
 .debug_info    0x00007540     0x21aa ./Drivers/STM32F7xx_HAL_Driver/Src/stm32f7xx_hal_eth.o
 .debug_info    0x000096ea      0x6e7 ./Drivers/STM32F7xx_HAL_Driver/Src/stm32f7xx_hal_gpio.o
 .debug_info    0x00009dd1     0x2147 ./Drivers/STM32F7xx_HAL_Driver/Src/stm32f7xx_hal_i2c.o
 .debug_info    0x0000bf18      0x922 ./Drivers/STM32F7xx_HAL_Driver/Src/stm32f7xx_hal_i2c_ex.o
 .debug_info    0x0000c83a     0x1599 ./Drivers/STM32F7xx_HAL_Driver/Src/stm32f7xx_hal_pcd.o
 .debug_info    0x0000ddd3      0x7a3 ./Drivers/STM32F7xx_HAL_Driver/Src/stm32f7xx_hal_pcd_ex.o
 .debug_info    0x0000e576      0x90e ./Drivers/STM32F7xx_HAL_Driver/Src/stm32f7xx_hal_pwr.o
 .debug_info    0x0000ee84      0x8f0 ./Drivers/STM32F7xx_HAL_Driver/Src/stm32f7xx_hal_rcc.o
 .debug_info    0x0000f774      0x6bd ./Drivers/STM32F7xx_HAL_Driver/Src/stm32f7xx_hal_rcc_ex.o
 .debug_info    0x0000fe31     0x2abd ./Drivers/STM32F7xx_HAL_Driver/Src/stm32f7xx_hal_tim.o
 .debug_info    0x000128ee     0x15bb ./Drivers/STM32F7xx_HAL_Driver/Src/stm32f7xx_hal_tim_ex.o
 .debug_info    0x00013ea9     0x3a11 ./Drivers/STM32F7xx_HAL_Driver/Src/stm32f7xx_hal_uart.o
 .debug_info    0x000178ba     0x19fc ./Drivers/STM32F7xx_HAL_Driver/Src/stm32f7xx_ll_usb.o

.debug_abbrev   0x00000000     0x348b
 .debug_abbrev  0x00000000      0x249 ./Core/Src/eth.o
 .debug_abbrev  0x00000249      0x152 ./Core/Src/gpio.o
 .debug_abbrev  0x0000039b      0x217 ./Core/Src/i2c.o
 .debug_abbrev  0x000005b2      0x250 ./Core/Src/main.o
 .debug_abbrev  0x00000802       0xd8 ./Core/Src/stm32f7xx_hal_msp.o
 .debug_abbrev  0x000008da       0x73 ./Core/Src/stm32f7xx_it.o
 .debug_abbrev  0x0000094d      0x13b ./Core/Src/system_stm32f7xx.o
 .debug_abbrev  0x00000a88      0x219 ./Core/Src/tim.o
 .debug_abbrev  0x00000ca1      0x1f9 ./Core/Src/usart.o
 .debug_abbrev  0x00000e9a      0x230 ./Core/Src/usb_otg.o
 .debug_abbrev  0x000010ca       0x24 ./Core/Startup/startup_stm32f746zgtx.o
 .debug_abbrev  0x000010ee      0x213 ./Drivers/STM32F7xx_HAL_Driver/Src/stm32f7xx_hal.o
 .debug_abbrev  0x00001301      0x31e ./Drivers/STM32F7xx_HAL_Driver/Src/stm32f7xx_hal_cortex.o
 .debug_abbrev  0x0000161f      0x35a ./Drivers/STM32F7xx_HAL_Driver/Src/stm32f7xx_hal_eth.o
 .debug_abbrev  0x00001979      0x1d4 ./Drivers/STM32F7xx_HAL_Driver/Src/stm32f7xx_hal_gpio.o
 .debug_abbrev  0x00001b4d      0x260 ./Drivers/STM32F7xx_HAL_Driver/Src/stm32f7xx_hal_i2c.o
 .debug_abbrev  0x00001dad      0x19c ./Drivers/STM32F7xx_HAL_Driver/Src/stm32f7xx_hal_i2c_ex.o
 .debug_abbrev  0x00001f49      0x2ee ./Drivers/STM32F7xx_HAL_Driver/Src/stm32f7xx_hal_pcd.o
 .debug_abbrev  0x00002237      0x1ca ./Drivers/STM32F7xx_HAL_Driver/Src/stm32f7xx_hal_pcd_ex.o
 .debug_abbrev  0x00002401      0x1c5 ./Drivers/STM32F7xx_HAL_Driver/Src/stm32f7xx_hal_pwr.o
 .debug_abbrev  0x000025c6      0x288 ./Drivers/STM32F7xx_HAL_Driver/Src/stm32f7xx_hal_rcc.o
 .debug_abbrev  0x0000284e      0x1c9 ./Drivers/STM32F7xx_HAL_Driver/Src/stm32f7xx_hal_rcc_ex.o
 .debug_abbrev  0x00002a17      0x278 ./Drivers/STM32F7xx_HAL_Driver/Src/stm32f7xx_hal_tim.o
 .debug_abbrev  0x00002c8f      0x283 ./Drivers/STM32F7xx_HAL_Driver/Src/stm32f7xx_hal_tim_ex.o
 .debug_abbrev  0x00002f12      0x2e6 ./Drivers/STM32F7xx_HAL_Driver/Src/stm32f7xx_hal_uart.o
 .debug_abbrev  0x000031f8      0x293 ./Drivers/STM32F7xx_HAL_Driver/Src/stm32f7xx_ll_usb.o

.debug_aranges  0x00000000     0x1580
 .debug_aranges
                0x00000000       0x30 ./Core/Src/eth.o
 .debug_aranges
                0x00000030       0x20 ./Core/Src/gpio.o
 .debug_aranges
                0x00000050       0x30 ./Core/Src/i2c.o
 .debug_aranges
                0x00000080       0x30 ./Core/Src/main.o
 .debug_aranges
                0x000000b0       0x20 ./Core/Src/stm32f7xx_hal_msp.o
 .debug_aranges
                0x000000d0       0x60 ./Core/Src/stm32f7xx_it.o
 .debug_aranges
                0x00000130       0x28 ./Core/Src/system_stm32f7xx.o
 .debug_aranges
                0x00000158       0x38 ./Core/Src/tim.o
 .debug_aranges
                0x00000190       0x30 ./Core/Src/usart.o
 .debug_aranges
                0x000001c0       0x30 ./Core/Src/usb_otg.o
 .debug_aranges
                0x000001f0       0x28 ./Core/Startup/startup_stm32f746zgtx.o
 .debug_aranges
                0x00000218      0x100 ./Drivers/STM32F7xx_HAL_Driver/Src/stm32f7xx_hal.o
 .debug_aranges
                0x00000318      0x128 ./Drivers/STM32F7xx_HAL_Driver/Src/stm32f7xx_hal_cortex.o
 .debug_aranges
                0x00000440      0x1e8 ./Drivers/STM32F7xx_HAL_Driver/Src/stm32f7xx_hal_eth.o
 .debug_aranges
                0x00000628       0x58 ./Drivers/STM32F7xx_HAL_Driver/Src/stm32f7xx_hal_gpio.o
 .debug_aranges
                0x00000680      0x2a0 ./Drivers/STM32F7xx_HAL_Driver/Src/stm32f7xx_hal_i2c.o
 .debug_aranges
                0x00000920       0x38 ./Drivers/STM32F7xx_HAL_Driver/Src/stm32f7xx_hal_i2c_ex.o
 .debug_aranges
                0x00000958      0x148 ./Drivers/STM32F7xx_HAL_Driver/Src/stm32f7xx_hal_pcd.o
 .debug_aranges
                0x00000aa0       0x48 ./Drivers/STM32F7xx_HAL_Driver/Src/stm32f7xx_hal_pcd_ex.o
 .debug_aranges
                0x00000ae8       0xa0 ./Drivers/STM32F7xx_HAL_Driver/Src/stm32f7xx_hal_pwr.o
 .debug_aranges
                0x00000b88       0x88 ./Drivers/STM32F7xx_HAL_Driver/Src/stm32f7xx_hal_rcc.o
 .debug_aranges
                0x00000c10       0x50 ./Drivers/STM32F7xx_HAL_Driver/Src/stm32f7xx_hal_rcc_ex.o
 .debug_aranges
                0x00000c60      0x3e0 ./Drivers/STM32F7xx_HAL_Driver/Src/stm32f7xx_hal_tim.o
 .debug_aranges
                0x00001040      0x178 ./Drivers/STM32F7xx_HAL_Driver/Src/stm32f7xx_hal_tim_ex.o
 .debug_aranges
                0x000011b8      0x228 ./Drivers/STM32F7xx_HAL_Driver/Src/stm32f7xx_hal_uart.o
 .debug_aranges
                0x000013e0      0x1a0 ./Drivers/STM32F7xx_HAL_Driver/Src/stm32f7xx_ll_usb.o

.debug_rnglists
                0x00000000     0x10c8
 .debug_rnglists
                0x00000000       0x21 ./Core/Src/eth.o
 .debug_rnglists
                0x00000021       0x14 ./Core/Src/gpio.o
 .debug_rnglists
                0x00000035       0x21 ./Core/Src/i2c.o
 .debug_rnglists
                0x00000056       0x20 ./Core/Src/main.o
 .debug_rnglists
                0x00000076       0x13 ./Core/Src/stm32f7xx_hal_msp.o
 .debug_rnglists
                0x00000089       0x43 ./Core/Src/stm32f7xx_it.o
 .debug_rnglists
                0x000000cc       0x1a ./Core/Src/system_stm32f7xx.o
 .debug_rnglists
                0x000000e6       0x26 ./Core/Src/tim.o
 .debug_rnglists
                0x0000010c       0x20 ./Core/Src/usart.o
 .debug_rnglists
                0x0000012c       0x20 ./Core/Src/usb_otg.o
 .debug_rnglists
                0x0000014c       0x19 ./Core/Startup/startup_stm32f746zgtx.o
 .debug_rnglists
                0x00000165       0xbb ./Drivers/STM32F7xx_HAL_Driver/Src/stm32f7xx_hal.o
 .debug_rnglists
                0x00000220       0xda ./Drivers/STM32F7xx_HAL_Driver/Src/stm32f7xx_hal_cortex.o
 .debug_rnglists
                0x000002fa      0x183 ./Drivers/STM32F7xx_HAL_Driver/Src/stm32f7xx_hal_eth.o
 .debug_rnglists
                0x0000047d       0x3f ./Drivers/STM32F7xx_HAL_Driver/Src/stm32f7xx_hal_gpio.o
 .debug_rnglists
                0x000004bc      0x228 ./Drivers/STM32F7xx_HAL_Driver/Src/stm32f7xx_hal_i2c.o
 .debug_rnglists
                0x000006e4       0x27 ./Drivers/STM32F7xx_HAL_Driver/Src/stm32f7xx_hal_i2c_ex.o
 .debug_rnglists
                0x0000070b       0xfa ./Drivers/STM32F7xx_HAL_Driver/Src/stm32f7xx_hal_pcd.o
 .debug_rnglists
                0x00000805       0x32 ./Drivers/STM32F7xx_HAL_Driver/Src/stm32f7xx_hal_pcd_ex.o
 .debug_rnglists
                0x00000837       0x74 ./Drivers/STM32F7xx_HAL_Driver/Src/stm32f7xx_hal_pwr.o
 .debug_rnglists
                0x000008ab       0x67 ./Drivers/STM32F7xx_HAL_Driver/Src/stm32f7xx_hal_rcc.o
 .debug_rnglists
                0x00000912       0x3c ./Drivers/STM32F7xx_HAL_Driver/Src/stm32f7xx_hal_rcc_ex.o
 .debug_rnglists
                0x0000094e      0x328 ./Drivers/STM32F7xx_HAL_Driver/Src/stm32f7xx_hal_tim.o
 .debug_rnglists
                0x00000c76      0x131 ./Drivers/STM32F7xx_HAL_Driver/Src/stm32f7xx_hal_tim_ex.o
 .debug_rnglists
                0x00000da7      0x1da ./Drivers/STM32F7xx_HAL_Driver/Src/stm32f7xx_hal_uart.o
 .debug_rnglists
                0x00000f81      0x147 ./Drivers/STM32F7xx_HAL_Driver/Src/stm32f7xx_ll_usb.o

.debug_macro    0x00000000    0x287e1
 .debug_macro   0x00000000      0x2f7 ./Core/Src/eth.o
 .debug_macro   0x000002f7      0xab4 ./Core/Src/eth.o
 .debug_macro   0x00000dab      0x29f ./Core/Src/eth.o
 .debug_macro   0x0000104a       0x2e ./Core/Src/eth.o
 .debug_macro   0x00001078       0x3b ./Core/Src/eth.o
 .debug_macro   0x000010b3       0x22 ./Core/Src/eth.o
 .debug_macro   0x000010d5       0x8e ./Core/Src/eth.o
 .debug_macro   0x00001163       0x51 ./Core/Src/eth.o
 .debug_macro   0x000011b4      0x103 ./Core/Src/eth.o
 .debug_macro   0x000012b7       0x6a ./Core/Src/eth.o
 .debug_macro   0x00001321      0x1df ./Core/Src/eth.o
 .debug_macro   0x00001500       0x1c ./Core/Src/eth.o
 .debug_macro   0x0000151c       0x22 ./Core/Src/eth.o
 .debug_macro   0x0000153e       0xd9 ./Core/Src/eth.o
 .debug_macro   0x00001617     0x12cd ./Core/Src/eth.o
 .debug_macro   0x000028e4      0x11f ./Core/Src/eth.o
 .debug_macro   0x00002a03       0x19 ./Core/Src/eth.o
 .debug_macro   0x00002a1c    0x19222 ./Core/Src/eth.o
 .debug_macro   0x0001bc3e       0x6d ./Core/Src/eth.o
 .debug_macro   0x0001bcab     0x375e ./Core/Src/eth.o
 .debug_macro   0x0001f409      0x189 ./Core/Src/eth.o
 .debug_macro   0x0001f592       0x63 ./Core/Src/eth.o
 .debug_macro   0x0001f5f5     0x18ad ./Core/Src/eth.o
 .debug_macro   0x00020ea2      0x6c4 ./Core/Src/eth.o
 .debug_macro   0x00021566      0x185 ./Core/Src/eth.o
 .debug_macro   0x000216eb      0x115 ./Core/Src/eth.o
 .debug_macro   0x00021800      0x1fd ./Core/Src/eth.o
 .debug_macro   0x000219fd       0xa5 ./Core/Src/eth.o
 .debug_macro   0x00021aa2      0x24f ./Core/Src/eth.o
 .debug_macro   0x00021cf1       0x41 ./Core/Src/eth.o
 .debug_macro   0x00021d32       0x58 ./Core/Src/eth.o
 .debug_macro   0x00021d8a      0x236 ./Core/Src/eth.o
 .debug_macro   0x00021fc0      0xb99 ./Core/Src/eth.o
 .debug_macro   0x00022b59      0x14e ./Core/Src/eth.o
 .debug_macro   0x00022ca7      0x25a ./Core/Src/eth.o
 .debug_macro   0x00022f01       0x12 ./Core/Src/eth.o
 .debug_macro   0x00022f13      0x22c ./Core/Src/eth.o
 .debug_macro   0x0002313f       0x61 ./Core/Src/eth.o
 .debug_macro   0x000231a0       0xa5 ./Core/Src/eth.o
 .debug_macro   0x00023245      0x12e ./Core/Src/eth.o
 .debug_macro   0x00023373      0x108 ./Core/Src/eth.o
 .debug_macro   0x0002347b       0x35 ./Core/Src/eth.o
 .debug_macro   0x000234b0      0xa83 ./Core/Src/eth.o
 .debug_macro   0x00023f33       0x59 ./Core/Src/eth.o
 .debug_macro   0x00023f8c      0x56d ./Core/Src/eth.o
 .debug_macro   0x000244f9       0x44 ./Core/Src/eth.o
 .debug_macro   0x0002453d      0x2cb ./Core/Src/eth.o
 .debug_macro   0x00024808       0xba ./Core/Src/eth.o
 .debug_macro   0x000248c2      0x14d ./Core/Src/eth.o
 .debug_macro   0x00024a0f      0x13c ./Core/Src/eth.o
 .debug_macro   0x00024b4b       0x61 ./Core/Src/eth.o
 .debug_macro   0x00024bac       0x2a ./Core/Src/eth.o
 .debug_macro   0x00024bd6       0x43 ./Core/Src/eth.o
 .debug_macro   0x00024c19       0x34 ./Core/Src/eth.o
 .debug_macro   0x00024c4d       0x16 ./Core/Src/eth.o
 .debug_macro   0x00024c63       0x43 ./Core/Src/eth.o
 .debug_macro   0x00024ca6       0x34 ./Core/Src/eth.o
 .debug_macro   0x00024cda       0x10 ./Core/Src/eth.o
 .debug_macro   0x00024cea       0x58 ./Core/Src/eth.o
 .debug_macro   0x00024d42       0x8e ./Core/Src/eth.o
 .debug_macro   0x00024dd0       0x1c ./Core/Src/eth.o
 .debug_macro   0x00024dec      0x177 ./Core/Src/eth.o
 .debug_macro   0x00024f63      0x369 ./Core/Src/eth.o
 .debug_macro   0x000252cc       0x10 ./Core/Src/eth.o
 .debug_macro   0x000252dc       0x35 ./Core/Src/eth.o
 .debug_macro   0x00025311       0x20 ./Core/Src/eth.o
 .debug_macro   0x00025331      0x229 ./Core/Src/gpio.o
 .debug_macro   0x0002555a      0x229 ./Core/Src/i2c.o
 .debug_macro   0x00025783      0x25f ./Core/Src/main.o
 .debug_macro   0x000259e2      0x21f ./Core/Src/stm32f7xx_hal_msp.o
 .debug_macro   0x00025c01      0x229 ./Core/Src/stm32f7xx_it.o
 .debug_macro   0x00025e2a      0x210 ./Core/Src/system_stm32f7xx.o
 .debug_macro   0x0002603a      0x229 ./Core/Src/tim.o
 .debug_macro   0x00026263      0x229 ./Core/Src/usart.o
 .debug_macro   0x0002648c      0x229 ./Core/Src/usb_otg.o
 .debug_macro   0x000266b5      0x234 ./Drivers/STM32F7xx_HAL_Driver/Src/stm32f7xx_hal.o
 .debug_macro   0x000268e9      0x210 ./Drivers/STM32F7xx_HAL_Driver/Src/stm32f7xx_hal_cortex.o
 .debug_macro   0x00026af9      0x2ea ./Drivers/STM32F7xx_HAL_Driver/Src/stm32f7xx_hal_eth.o
 .debug_macro   0x00026de3      0x216 ./Drivers/STM32F7xx_HAL_Driver/Src/stm32f7xx_hal_gpio.o
 .debug_macro   0x00026ff9      0x2dc ./Drivers/STM32F7xx_HAL_Driver/Src/stm32f7xx_hal_i2c.o
 .debug_macro   0x000272d5      0x210 ./Drivers/STM32F7xx_HAL_Driver/Src/stm32f7xx_hal_i2c_ex.o
 .debug_macro   0x000274e5      0x21c ./Drivers/STM32F7xx_HAL_Driver/Src/stm32f7xx_hal_pcd.o
 .debug_macro   0x00027701      0x210 ./Drivers/STM32F7xx_HAL_Driver/Src/stm32f7xx_hal_pcd_ex.o
 .debug_macro   0x00027911      0x22e ./Drivers/STM32F7xx_HAL_Driver/Src/stm32f7xx_hal_pwr.o
 .debug_macro   0x00027b3f      0x234 ./Drivers/STM32F7xx_HAL_Driver/Src/stm32f7xx_hal_rcc.o
 .debug_macro   0x00027d73      0x210 ./Drivers/STM32F7xx_HAL_Driver/Src/stm32f7xx_hal_rcc_ex.o
 .debug_macro   0x00027f83      0x211 ./Drivers/STM32F7xx_HAL_Driver/Src/stm32f7xx_hal_tim.o
 .debug_macro   0x00028194      0x210 ./Drivers/STM32F7xx_HAL_Driver/Src/stm32f7xx_hal_tim_ex.o
 .debug_macro   0x000283a4      0x22d ./Drivers/STM32F7xx_HAL_Driver/Src/stm32f7xx_hal_uart.o
 .debug_macro   0x000285d1      0x210 ./Drivers/STM32F7xx_HAL_Driver/Src/stm32f7xx_ll_usb.o

.debug_line     0x00000000    0x1c99d
 .debug_line    0x00000000      0x9df ./Core/Src/eth.o
 .debug_line    0x000009df      0x804 ./Core/Src/gpio.o
 .debug_line    0x000011e3      0x860 ./Core/Src/i2c.o
 .debug_line    0x00001a43      0x892 ./Core/Src/main.o
 .debug_line    0x000022d5      0x7cf ./Core/Src/stm32f7xx_hal_msp.o
 .debug_line    0x00002aa4      0x892 ./Core/Src/stm32f7xx_it.o
 .debug_line    0x00003336      0x843 ./Core/Src/system_stm32f7xx.o
 .debug_line    0x00003b79      0x8c5 ./Core/Src/tim.o
 .debug_line    0x0000443e      0x851 ./Core/Src/usart.o
 .debug_line    0x00004c8f      0x860 ./Core/Src/usb_otg.o
 .debug_line    0x000054ef       0x7a ./Core/Startup/startup_stm32f746zgtx.o
 .debug_line    0x00005569      0xaf2 ./Drivers/STM32F7xx_HAL_Driver/Src/stm32f7xx_hal.o
 .debug_line    0x0000605b      0xd94 ./Drivers/STM32F7xx_HAL_Driver/Src/stm32f7xx_hal_cortex.o
 .debug_line    0x00006def     0x1aca ./Drivers/STM32F7xx_HAL_Driver/Src/stm32f7xx_hal_eth.o
 .debug_line    0x000088b9      0xc78 ./Drivers/STM32F7xx_HAL_Driver/Src/stm32f7xx_hal_gpio.o
 .debug_line    0x00009531     0x3b4b ./Drivers/STM32F7xx_HAL_Driver/Src/stm32f7xx_hal_i2c.o
 .debug_line    0x0000d07c      0x90b ./Drivers/STM32F7xx_HAL_Driver/Src/stm32f7xx_hal_i2c_ex.o
 .debug_line    0x0000d987     0x1553 ./Drivers/STM32F7xx_HAL_Driver/Src/stm32f7xx_hal_pcd.o
 .debug_line    0x0000eeda      0x8f1 ./Drivers/STM32F7xx_HAL_Driver/Src/stm32f7xx_hal_pcd_ex.o
 .debug_line    0x0000f7cb      0x9f6 ./Drivers/STM32F7xx_HAL_Driver/Src/stm32f7xx_hal_pwr.o
 .debug_line    0x000101c1      0xf23 ./Drivers/STM32F7xx_HAL_Driver/Src/stm32f7xx_hal_rcc.o
 .debug_line    0x000110e4      0xed7 ./Drivers/STM32F7xx_HAL_Driver/Src/stm32f7xx_hal_rcc_ex.o
 .debug_line    0x00011fbb     0x3da4 ./Drivers/STM32F7xx_HAL_Driver/Src/stm32f7xx_hal_tim.o
 .debug_line    0x00015d5f     0x1bd5 ./Drivers/STM32F7xx_HAL_Driver/Src/stm32f7xx_hal_tim_ex.o
 .debug_line    0x00017934     0x31e2 ./Drivers/STM32F7xx_HAL_Driver/Src/stm32f7xx_hal_uart.o
 .debug_line    0x0001ab16     0x1e87 ./Drivers/STM32F7xx_HAL_Driver/Src/stm32f7xx_ll_usb.o

.debug_str      0x00000000    0xf8c29
 .debug_str     0x00000000    0xf1756 ./Core/Src/eth.o
                              0xf1ec8 (size before relaxing)
 .debug_str     0x000f1756       0x68 ./Core/Src/gpio.o
                              0xee6a5 (size before relaxing)
 .debug_str     0x000f17be      0x6e4 ./Core/Src/i2c.o
                              0xeeea9 (size before relaxing)
 .debug_str     0x000f1ea2      0x4c1 ./Core/Src/main.o
                              0xeedca (size before relaxing)
 .debug_str     0x000f2363       0x2c ./Core/Src/stm32f7xx_hal_msp.o
                              0xee5da (size before relaxing)
 .debug_str     0x000f238f       0xc9 ./Core/Src/stm32f7xx_it.o
                              0xee543 (size before relaxing)
 .debug_str     0x000f2458      0x190 ./Core/Src/system_stm32f7xx.o
                              0xee26b (size before relaxing)
 .debug_str     0x000f25e8      0x2d9 ./Core/Src/tim.o
                              0xeeeff (size before relaxing)
 .debug_str     0x000f28c1      0x254 ./Core/Src/usart.o
                              0xeee20 (size before relaxing)
 .debug_str     0x000f2b15      0x3e1 ./Core/Src/usb_otg.o
                              0xeedaf (size before relaxing)
 .debug_str     0x000f2ef6       0x44 ./Core/Startup/startup_stm32f746zgtx.o
                                 0x95 (size before relaxing)
 .debug_str     0x000f2f3a      0x9b9 ./Drivers/STM32F7xx_HAL_Driver/Src/stm32f7xx_hal.o
                              0xeebd4 (size before relaxing)
 .debug_str     0x000f38f3      0x376 ./Drivers/STM32F7xx_HAL_Driver/Src/stm32f7xx_hal_cortex.o
                              0xeebf1 (size before relaxing)
 .debug_str     0x000f3c69     0x123d ./Drivers/STM32F7xx_HAL_Driver/Src/stm32f7xx_hal_eth.o
                              0xefaa7 (size before relaxing)
 .debug_str     0x000f4ea6       0xe8 ./Drivers/STM32F7xx_HAL_Driver/Src/stm32f7xx_hal_gpio.o
                              0xee329 (size before relaxing)
 .debug_str     0x000f4f8e      0xe13 ./Drivers/STM32F7xx_HAL_Driver/Src/stm32f7xx_hal_i2c.o
                              0xef47e (size before relaxing)
 .debug_str     0x000f5da1       0x89 ./Drivers/STM32F7xx_HAL_Driver/Src/stm32f7xx_hal_i2c_ex.o
                              0xee6fd (size before relaxing)
 .debug_str     0x000f5e2a      0x822 ./Drivers/STM32F7xx_HAL_Driver/Src/stm32f7xx_hal_pcd.o
                              0xeeca4 (size before relaxing)
 .debug_str     0x000f664c      0x12d ./Drivers/STM32F7xx_HAL_Driver/Src/stm32f7xx_hal_pcd_ex.o
                              0xee5a6 (size before relaxing)
 .debug_str     0x000f6779      0x2ac ./Drivers/STM32F7xx_HAL_Driver/Src/stm32f7xx_hal_pwr.o
                              0xee50c (size before relaxing)
 .debug_str     0x000f6a25      0x233 ./Drivers/STM32F7xx_HAL_Driver/Src/stm32f7xx_hal_rcc.o
                              0xee5cd (size before relaxing)
 .debug_str     0x000f6c58      0x147 ./Drivers/STM32F7xx_HAL_Driver/Src/stm32f7xx_hal_rcc_ex.o
                              0xee505 (size before relaxing)
 .debug_str     0x000f6d9f      0xd7a ./Drivers/STM32F7xx_HAL_Driver/Src/stm32f7xx_hal_tim.o
                              0xef58e (size before relaxing)
 .debug_str     0x000f7b19      0x402 ./Drivers/STM32F7xx_HAL_Driver/Src/stm32f7xx_hal_tim_ex.o
                              0xeedd4 (size before relaxing)
 .debug_str     0x000f7f1b      0x863 ./Drivers/STM32F7xx_HAL_Driver/Src/stm32f7xx_hal_uart.o
                              0xeef1a (size before relaxing)
 .debug_str     0x000f877e      0x4ab ./Drivers/STM32F7xx_HAL_Driver/Src/stm32f7xx_ll_usb.o
                              0xeeb81 (size before relaxing)

.comment        0x00000000       0x43
 .comment       0x00000000       0x43 ./Core/Src/eth.o
                                 0x44 (size before relaxing)
 .comment       0x00000043       0x44 ./Core/Src/gpio.o
 .comment       0x00000043       0x44 ./Core/Src/i2c.o
 .comment       0x00000043       0x44 ./Core/Src/main.o
 .comment       0x00000043       0x44 ./Core/Src/stm32f7xx_hal_msp.o
 .comment       0x00000043       0x44 ./Core/Src/stm32f7xx_it.o
 .comment       0x00000043       0x44 ./Core/Src/system_stm32f7xx.o
 .comment       0x00000043       0x44 ./Core/Src/tim.o
 .comment       0x00000043       0x44 ./Core/Src/usart.o
 .comment       0x00000043       0x44 ./Core/Src/usb_otg.o
 .comment       0x00000043       0x44 ./Drivers/STM32F7xx_HAL_Driver/Src/stm32f7xx_hal.o
 .comment       0x00000043       0x44 ./Drivers/STM32F7xx_HAL_Driver/Src/stm32f7xx_hal_cortex.o
 .comment       0x00000043       0x44 ./Drivers/STM32F7xx_HAL_Driver/Src/stm32f7xx_hal_eth.o
 .comment       0x00000043       0x44 ./Drivers/STM32F7xx_HAL_Driver/Src/stm32f7xx_hal_gpio.o
 .comment       0x00000043       0x44 ./Drivers/STM32F7xx_HAL_Driver/Src/stm32f7xx_hal_i2c.o
 .comment       0x00000043       0x44 ./Drivers/STM32F7xx_HAL_Driver/Src/stm32f7xx_hal_i2c_ex.o
 .comment       0x00000043       0x44 ./Drivers/STM32F7xx_HAL_Driver/Src/stm32f7xx_hal_pcd.o
 .comment       0x00000043       0x44 ./Drivers/STM32F7xx_HAL_Driver/Src/stm32f7xx_hal_pcd_ex.o
 .comment       0x00000043       0x44 ./Drivers/STM32F7xx_HAL_Driver/Src/stm32f7xx_hal_pwr.o
 .comment       0x00000043       0x44 ./Drivers/STM32F7xx_HAL_Driver/Src/stm32f7xx_hal_rcc.o
 .comment       0x00000043       0x44 ./Drivers/STM32F7xx_HAL_Driver/Src/stm32f7xx_hal_rcc_ex.o
 .comment       0x00000043       0x44 ./Drivers/STM32F7xx_HAL_Driver/Src/stm32f7xx_hal_tim.o
 .comment       0x00000043       0x44 ./Drivers/STM32F7xx_HAL_Driver/Src/stm32f7xx_hal_tim_ex.o
 .comment       0x00000043       0x44 ./Drivers/STM32F7xx_HAL_Driver/Src/stm32f7xx_hal_uart.o
 .comment       0x00000043       0x44 ./Drivers/STM32F7xx_HAL_Driver/Src/stm32f7xx_ll_usb.o

.debug_frame    0x00000000     0x5b5c
 .debug_frame   0x00000000       0x74 ./Core/Src/eth.o
 .debug_frame   0x00000074       0x34 ./Core/Src/gpio.o
 .debug_frame   0x000000a8       0x78 ./Core/Src/i2c.o
 .debug_frame   0x00000120       0x6c ./Core/Src/main.o
 .debug_frame   0x0000018c       0x38 ./Core/Src/stm32f7xx_hal_msp.o
 .debug_frame   0x000001c4      0x104 ./Core/Src/stm32f7xx_it.o
 .debug_frame   0x000002c8       0x58 ./Core/Src/system_stm32f7xx.o
 .debug_frame   0x00000320       0xa8 ./Core/Src/tim.o
 .debug_frame   0x000003c8       0x78 ./Core/Src/usart.o
 .debug_frame   0x00000440       0x78 ./Core/Src/usb_otg.o
 .debug_frame   0x000004b8      0x3b4 ./Drivers/STM32F7xx_HAL_Driver/Src/stm32f7xx_hal.o
 .debug_frame   0x0000086c      0x4e8 ./Drivers/STM32F7xx_HAL_Driver/Src/stm32f7xx_hal_cortex.o
 .debug_frame   0x00000d54      0x8c0 ./Drivers/STM32F7xx_HAL_Driver/Src/stm32f7xx_hal_eth.o
 .debug_frame   0x00001614      0x14c ./Drivers/STM32F7xx_HAL_Driver/Src/stm32f7xx_hal_gpio.o
 .debug_frame   0x00001760      0xc38 ./Drivers/STM32F7xx_HAL_Driver/Src/stm32f7xx_hal_i2c.o
 .debug_frame   0x00002398       0xb0 ./Drivers/STM32F7xx_HAL_Driver/Src/stm32f7xx_hal_i2c_ex.o
 .debug_frame   0x00002448      0x5b8 ./Drivers/STM32F7xx_HAL_Driver/Src/stm32f7xx_hal_pcd.o
 .debug_frame   0x00002a00      0x100 ./Drivers/STM32F7xx_HAL_Driver/Src/stm32f7xx_hal_pcd_ex.o
 .debug_frame   0x00002b00      0x254 ./Drivers/STM32F7xx_HAL_Driver/Src/stm32f7xx_hal_pwr.o
 .debug_frame   0x00002d54      0x1f8 ./Drivers/STM32F7xx_HAL_Driver/Src/stm32f7xx_hal_rcc.o
 .debug_frame   0x00002f4c      0x118 ./Drivers/STM32F7xx_HAL_Driver/Src/stm32f7xx_hal_rcc_ex.o
 .debug_frame   0x00003064     0x121c ./Drivers/STM32F7xx_HAL_Driver/Src/stm32f7xx_hal_tim.o
 .debug_frame   0x00004280      0x688 ./Drivers/STM32F7xx_HAL_Driver/Src/stm32f7xx_hal_tim_ex.o
 .debug_frame   0x00004908      0x9e8 ./Drivers/STM32F7xx_HAL_Driver/Src/stm32f7xx_hal_uart.o
 .debug_frame   0x000052f0      0x7c0 ./Drivers/STM32F7xx_HAL_Driver/Src/stm32f7xx_ll_usb.o
 .debug_frame   0x00005ab0       0x20 C:/ST/STM32CubeIDE_1.17.0/STM32CubeIDE/plugins/com.st.stm32cube.ide.mcu.externaltools.gnu-tools-for-stm32.12.3.rel1.win32_1.1.0.202410251130/tools/bin/../lib/gcc/arm-none-eabi/12.3.1/../../../../arm-none-eabi/lib/thumb/v7e-m+fp/hard\libc_nano.a(libc_a-memset.o)
 .debug_frame   0x00005ad0       0x2c C:/ST/STM32CubeIDE_1.17.0/STM32CubeIDE/plugins/com.st.stm32cube.ide.mcu.externaltools.gnu-tools-for-stm32.12.3.rel1.win32_1.1.0.202410251130/tools/bin/../lib/gcc/arm-none-eabi/12.3.1/../../../../arm-none-eabi/lib/thumb/v7e-m+fp/hard\libc_nano.a(libc_a-init.o)
 .debug_frame   0x00005afc       0x2c C:/ST/STM32CubeIDE_1.17.0/STM32CubeIDE/plugins/com.st.stm32cube.ide.mcu.externaltools.gnu-tools-for-stm32.12.3.rel1.win32_1.1.0.202410251130/tools/bin/../lib/gcc/arm-none-eabi/12.3.1/thumb/v7e-m+fp/hard\libgcc.a(_aeabi_uldivmod.o)
 .debug_frame   0x00005b28       0x34 C:/ST/STM32CubeIDE_1.17.0/STM32CubeIDE/plugins/com.st.stm32cube.ide.mcu.externaltools.gnu-tools-for-stm32.12.3.rel1.win32_1.1.0.202410251130/tools/bin/../lib/gcc/arm-none-eabi/12.3.1/thumb/v7e-m+fp/hard\libgcc.a(_udivmoddi4.o)

.debug_line_str
                0x00000000       0x79
 .debug_line_str
                0x00000000       0x79 ./Core/Startup/startup_stm32f746zgtx.o
